// Jest Snapshot v1, https://goo.gl/fbAQLP

exports[`Nav component renders Nav 1`] = `
<nav
  className="nav"
>
  <Link
    to="/"
  >
    <HomeIcon
      fontSize="large"
    />
  </Link>
  <Link
    to="/habit/form"
  >
    <AddIcon
      fontSize="large"
    />
  </Link>
  <Link
    to="/aboutus"
  >
    <AboutUsIcon
      fontSize="large"
    />
  </Link>
</nav>
`;
